Microchip MPLAB XC8 Compiler V2.30

Linker command line:

-W-3 --edf=D:\Program Files\Microchip\xc8\v2.30\pic\dat\en_msgs.txt -cn \
  -h+dist/default/production\LCDclock.X.production.sym \
  --cmf=dist/default/production\LCDclock.X.production.cmf -z -Q16F1938 \
  -oC:\Users\SANDEE~1\AppData\Local\Temp\sae4x2 --defsym=__MPLAB_BUILD=1 \
  -Mdist/default/production/LCDclock.X.production.map -E1 -ver=XC8 Compiler \
  --acfsm=1493 -ASTACK=020A8h-022EBh -pstack=STACK -ACODE=00h-07FFhx8 \
  -ASTRCODE=00h-03FFFh -ASTRING=00h-0FFhx64 -ACONST=00h-0FFhx64 \
  -AENTRY=00h-0FFhx64 -ACOMMON=070h-07Fh -ABANK0=020h-06Fh \
  -ABANK1=0A0h-0EFh -ABANK2=0120h-016Fh -ABANK3=01A0h-01EFh \
  -ABANK4=0220h-026Fh -ABANK5=02A0h-02EFh -ABANK6=0320h-036Fh \
  -ABANK7=03A0h-03EFh -ABANK8=0420h-046Fh -ABANK9=04A0h-04EFh \
  -ABANK10=0520h-056Fh -ABANK11=05A0h-05EFh -ABANK12=0620h-064Fh \
  -ABIGRAM=02000h-023EFh \
  -ARAM=020h-06Fh,0A0h-0EFh,0120h-016Fh,01A0h-01EFh,0220h-026Fh,02A0h-02EFh,0320h-036Fh,03A0h-03EFh,0420h-046Fh,04A0h-04EFh,0520h-056Fh,05A0h-05EFh,0620h-064Fh \
  -AABS1=020h-07Fh,0A0h-0EFh,0120h-016Fh,01A0h-01EFh,0220h-026Fh,02A0h-02EFh,0320h-036Fh,03A0h-03EFh,0420h-046Fh,04A0h-04EFh,0520h-056Fh,05A0h-05EFh,0620h-064Fh \
  -ASFR0=00h-01Fh -ASFR1=080h-09Fh -ASFR2=0100h-011Fh -ASFR3=0180h-019Fh \
  -ASFR4=0200h-021Fh -ASFR5=0280h-029Fh -ASFR6=0300h-031Fh \
  -ASFR7=0380h-039Fh -ASFR8=0400h-041Fh -ASFR9=0480h-049Fh \
  -ASFR10=0500h-051Fh -ASFR11=0580h-059Fh -ASFR12=0600h-061Fh \
  -ASFR13=0680h-06EFh -ASFR14=0700h-076Fh -ASFR15=0780h-07EFh \
  -ASFR16=0800h-086Fh -ASFR17=0880h-08EFh -ASFR18=0900h-096Fh \
  -ASFR19=0980h-09EFh -ASFR20=0A00h-0A6Fh -ASFR21=0A80h-0AEFh \
  -ASFR22=0B00h-0B6Fh -ASFR23=0B80h-0BEFh -ASFR24=0C00h-0C6Fh \
  -ASFR25=0C80h-0CEFh -ASFR26=0D00h-0D6Fh -ASFR27=0D80h-0DEFh \
  -ASFR28=0E00h-0E6Fh -ASFR29=0E80h-0EEFh -ASFR30=0F00h-0F6Fh \
  -ASFR31=0F80h-0FEFh -ACONFIG=08007h-08008h -DCONFIG=2 \
  -AIDLOC=08000h-08003h -DIDLOC=2 -AEEDATA=00h-0FFh/0F000h \
  -peeprom_data=EEDATA -DEEDATA=2 -DCODE=2 -DSTRCODE=2 -DSTRING=2 -DCONST=2 \
  -DENTRY=2 -preset_vec=00h,intentry=04h,init,end_init -ppowerup=CODE \
  -pcinit=CODE -pfunctab=ENTRY -k \
  C:\Users\SANDEE~1\AppData\Local\Temp\sae4xe.o \
  dist/default/production\LCDclock.X.production.o 

Object code version is 3.11

Machine type is 16F1938



                Name                               Link     Load   Length Selector   Space Scale
C:\Users\SANDEE~1\AppData\Local\Temp\sae4xe.o
                end_init                             2C       2C        2        8       0
                reset_vec                             0        0        2        0       0
                config                             8007     8007        2        0       4
dist/default/production\LCDclock.X.production.o
                cinit                                2E       2E       30        8       0
                intentry                              4        4       28        8       0
                config                             8007     8007        2        0       4
                text124                            129F     129F        F     253E       0
                text123                            1161     1161        1     22C2       0
                text122                             748      748       B5        8       0
                text121                            1321     1321       15     2642       0
                text120                            143B     143B       19     2876       0
                text119                            1167     1167        3     22CE       0
                text118                            1162     1162        1     22C4       0
                text117                            117F     117F        4     22FE       0
                text116                             85F      85F       36     10BE       0
                text115                            14C1     14C1       1D     2982       0
                text113                            116A     116A        3     22D4       0
                text112                            116D     116D        3     22DA       0
                text111                            1170     1170        3     22E0       0
                text110                            14DE     14DE       1D     29BC       0
                text109                            1173     1173        3     22E6       0
                text108                            1176     1176        3     22EC       0
                text107                            1179     1179        3     22F2       0
                text106                            1336     1336       15     266C       0
                text105                             AF8      AF8       52     15F0       0
                text104                            1260     1260        C     24C0       0
                text103                            134B     134B       18     2696       0
                text102                            1363     1363       18     26C6       0
                text101                            137B     137B       18     26F6       0
                text100                            1393     1393       18     2726       0
                text99                             13AB     13AB       18     2756       0
                text98                             151B     151B       21     2A36       0
                text97                             1163     1163        2     22C6       0
                text96                             1165     1165        2     22CA       0
                text95                             13C3     13C3       18     2786       0
                text94                             13DB     13DB       18     27B6       0
                text93                             13F3     13F3       18     27E6       0
                text92                             153C     153C       21     2A78       0
                text91                             117C     117C        3     22F8       0
                text90                             1183     1183        4     2306       0
                text89                              800      800        3        8       0
                text88                             1187     1187        4     230E       0
                text87                             11C2     11C2        6     2384       0
                text86                             11C8     11C8        6     2390       0
                text85                                2        2        2        0       0
                text84                             179E     179E       31     2F3C       0
                text83                             11B3     11B3        5     2366       0
                text82                             11DB     11DB        8     23B6       0
                text81                             11D4     11D4        7     23A8       0
                text80                              B4A      B4A       5B     1694       0
                text79                              A12      A12       4A     1424       0
                text78                             11CE     11CE        6     239C       0
                text77                             118B     118B        4     2316       0
                text76                             118F     118F        4     231E       0
                text75                             1193     1193        4     2326       0
                text74                             1197     1197        4     232E       0
                text73                             119B     119B        4     2336       0
                text72                             119F     119F        4     233E       0
                text71                             11A3     11A3        4     2346       0
                text70                             11B8     11B8        5     2370       0
                text69                             17CF     17CF       31     2F9E       0
                text68                             165B     165B       2D     2CB6       0
                text67                             11A7     11A7        4     234E       0
                text66                             122C     122C        A     2458       0
                text65                             14FB     14FB       20     29F6       0
                text64                             11AB     11AB        4     2356       0
                text63                             124A     124A        B     2494       0
                text62                              987      987       44     130E       0
                text61                             126C     126C        C     24D8       0
                text60                              9CB      9CB       47     1396       0
                text59                             1236     1236        A     246C       0
                text58                             176E     176E       30     2EDC       0
                text57                             1291     1291        E     2522       0
                text56                             15C2     15C2       23     2B84       0
                text55                             12AE     12AE       10     255C       0
                text54                             12BE     12BE       10     257C       0
                text53                             1688     1688       2E     2D10       0
                text52                             1608     1608       27     2C10       0
                text51                             16B6     16B6       2E     2D6C       0
                text50                             15E5     15E5       23     2BCA       0
                text49                             16E4     16E4       2E     2DC8       0
                text48                             157E     157E       22     2AFC       0
                text47                             15A0     15A0       22     2B40       0
                text46                             11E3     11E3        8     23C6       0
                text45                              A5C      A5C       4B     14B8       0
                text44                             12CE     12CE       10     259C       0
                text43                             12DE     12DE       10     25BC       0
                text42                             1712     1712       2E     2E24       0
                text41                              637      637      111        8       0
                text40                              BA5      BA5       D6     174A       0
                text39                              C7B      C7B       D6     18F6       0
                text38                              D51      D51       D6     1AA2       0
                text37                              336      336      1DC        8       0
                text36                             11EB     11EB        8     23D6       0
                text35                             12FE     12FE       11     25FC       0
                text34                             11BD     11BD        5     237A       0
                text33                             11F3     11F3        8     23E6       0
                text32                             11FB     11FB        8     23F6       0
                text31                             1203     1203        8     2406       0
                text30                             120B     120B        8     2416       0
                text29                             1213     1213        8     2426       0
                text28                              903      903       42     1206       0
                text27                             11AF     11AF        4     235E       0
                text26                             1223     1223        9     2446       0
                text25                             140B     140B       18     2816       0
                text24                             1240     1240        A     2480       0
                text23                             1454     1454       1A     28A8       0
                text22                             1255     1255        B     24AA       0
                text21                             12EE     12EE       10     25DC       0
                text20                              7FD      7FD        3        8       0
                text19                             155D     155D       21     2ABA       0
                text18                             1284     1284        D     2508       0
                text17                             1740     1740       2E     2E80       0
                text16                              803      803       28     1006       0
                text15                              82B      82B       34     1056       0
                text14                             162F     162F       2C     2C5E       0
                text13                              945      945       42     128A       0
                text12                             1423     1423       18     2846       0
                text11                              F09      F09       F7     1E12       0
                text10                             130F     130F       12     261E       0
                text9                               AA7      AA7       51     154E       0
                text8                              146E     146E       1B     28DC       0
                text7                                5E       5E      2D8        8       0
                text6                              1489     1489       1C     2912       0
                text5                               8CB      8CB       38     1196       0
                text4                              14A5     14A5       1C     294A       0
                text3                               512      512      125        8       0
                text2                              121B     121B        8     2436       0
                text1                               895      895       36     112A       0
                maintext                            E27      E27       E2     1C4E       0
                cstackBANK0                          20       20       41       20       1
                cstackCOMMON                         70       70        B       70       1
                clrtext                            1278     1278        C     24F0       0
                bssBANK2                            120      120        8      120       1
                bssBANK1                             A0       A0       4E       A0       1
                bssBANK0                             61       61        F       20       1
                bssCOMMON                            7B       7B        3       70       1
                stringtext1                        1800     1800       20     3000       0

TOTAL           Name                               Link     Load   Length     Space
        CLASS   STACK          

        CLASS   CODE           
                end_init                             2C       2C        2         0
                cinit                                2E       2E       30         0
                intentry                              4        4       28         0
                reset_vec                             0        0        2         0
                text124                            129F     129F        F         0
                text123                            1161     1161        1         0
                text122                             748      748       B5         0
                text121                            1321     1321       15         0
                text120                            143B     143B       19         0
                text119                            1167     1167        3         0
                text118                            1162     1162        1         0
                text117                            117F     117F        4         0
                text116                             85F      85F       36         0
                text115                            14C1     14C1       1D         0
                text113                            116A     116A        3         0
                text112                            116D     116D        3         0
                text111                            1170     1170        3         0
                text110                            14DE     14DE       1D         0
                text109                            1173     1173        3         0
                text108                            1176     1176        3         0
                text107                            1179     1179        3         0
                text106                            1336     1336       15         0
                text105                             AF8      AF8       52         0
                text104                            1260     1260        C         0
                text103                            134B     134B       18         0
                text102                            1363     1363       18         0
                text101                            137B     137B       18         0
                text100                            1393     1393       18         0
                text99                             13AB     13AB       18         0
                text98                             151B     151B       21         0
                text97                             1163     1163        2         0
                text96                             1165     1165        2         0
                text95                             13C3     13C3       18         0
                text94                             13DB     13DB       18         0
                text93                             13F3     13F3       18         0
                text92                             153C     153C       21         0
                text91                             117C     117C        3         0
                text90                             1183     1183        4         0
                text89                              800      800        3         0
                text88                             1187     1187        4         0
                text87                             11C2     11C2        6         0
                text86                             11C8     11C8        6         0
                text85                                2        2        2         0
                text84                             179E     179E       31         0
                text83                             11B3     11B3        5         0
                text82                             11DB     11DB        8         0
                text81                             11D4     11D4        7         0
                text80                              B4A      B4A       5B         0
                text79                              A12      A12       4A         0
                text78                             11CE     11CE        6         0
                text77                             118B     118B        4         0
                text76                             118F     118F        4         0
                text75                             1193     1193        4         0
                text74                             1197     1197        4         0
                text73                             119B     119B        4         0
                text72                             119F     119F        4         0
                text71                             11A3     11A3        4         0
                text70                             11B8     11B8        5         0
                text69                             17CF     17CF       31         0
                text68                             165B     165B       2D         0
                text67                             11A7     11A7        4         0
                text66                             122C     122C        A         0
                text65                             14FB     14FB       20         0
                text64                             11AB     11AB        4         0
                text63                             124A     124A        B         0
                text62                              987      987       44         0
                text61                             126C     126C        C         0
                text60                              9CB      9CB       47         0
                text59                             1236     1236        A         0
                text58                             176E     176E       30         0
                text57                             1291     1291        E         0
                text56                             15C2     15C2       23         0
                text55                             12AE     12AE       10         0
                text54                             12BE     12BE       10         0
                text53                             1688     1688       2E         0
                text52                             1608     1608       27         0
                text51                             16B6     16B6       2E         0
                text50                             15E5     15E5       23         0
                text49                             16E4     16E4       2E         0
                text48                             157E     157E       22         0
                text47                             15A0     15A0       22         0
                text46                             11E3     11E3        8         0
                text45                              A5C      A5C       4B         0
                text44                             12CE     12CE       10         0
                text43                             12DE     12DE       10         0
                text42                             1712     1712       2E         0
                text41                              637      637      111         0
                text40                              BA5      BA5       D6         0
                text39                              C7B      C7B       D6         0
                text38                              D51      D51       D6         0
                text37                              336      336      1DC         0
                text36                             11EB     11EB        8         0
                text35                             12FE     12FE       11         0
                text34                             11BD     11BD        5         0
                text33                             11F3     11F3        8         0
                text32                             11FB     11FB        8         0
                text31                             1203     1203        8         0
                text30                             120B     120B        8         0
                text29                             1213     1213        8         0
                text28                              903      903       42         0
                text27                             11AF     11AF        4         0
                text26                             1223     1223        9         0
                text25                             140B     140B       18         0
                text24                             1240     1240        A         0
                text23                             1454     1454       1A         0
                text22                             1255     1255        B         0
                text21                             12EE     12EE       10         0
                text20                              7FD      7FD        3         0
                text19                             155D     155D       21         0
                text18                             1284     1284        D         0
                text17                             1740     1740       2E         0
                text16                              803      803       28         0
                text15                              82B      82B       34         0
                text14                             162F     162F       2C         0
                text13                              945      945       42         0
                text12                             1423     1423       18         0
                text11                              F09      F09       F7         0
                text10                             130F     130F       12         0
                text9                               AA7      AA7       51         0
                text8                              146E     146E       1B         0
                text7                                5E       5E      2D8         0
                text6                              1489     1489       1C         0
                text5                               8CB      8CB       38         0
                text4                              14A5     14A5       1C         0
                text3                               512      512      125         0
                text2                              121B     121B        8         0
                text1                               895      895       36         0
                maintext                            E27      E27       E2         0
                clrtext                            1278     1278        C         0

        CLASS   STRCODE        
                stringtext1                        1800     1800       20         0

        CLASS   STRING         

        CLASS   CONST          

        CLASS   ENTRY          

        CLASS   COMMON         
                cstackCOMMON                         70       70        B         1
                bssCOMMON                            7B       7B        3         1

        CLASS   BANK0          
                cstackBANK0                          20       20       41         1
                bssBANK0                             61       61        F         1

        CLASS   BANK1          
                bssBANK1                             A0       A0       4E         1

        CLASS   BANK2          
                bssBANK2                            120      120        8         1

        CLASS   BANK3          

        CLASS   BANK4          

        CLASS   BANK5          

        CLASS   BANK6          

        CLASS   BANK7          

        CLASS   BANK8          

        CLASS   BANK9          

        CLASS   BANK10         

        CLASS   BANK11         

        CLASS   BANK12         

        CLASS   BIGRAM         

        CLASS   RAM            

        CLASS   ABS1           
                abs_s1                               7E       7E        2         1
                abs_s1                              4BC      4BC       34         1
                abs_s1                              520      520       50         1
                abs_s1                              5A0      5A0       50         1
                abs_s1                              620      620       30         1
                abs_s1                             22EC     22EC        0         1
                abs_s1                             2370     2370        0         1

        CLASS   SFR0           

        CLASS   SFR1           

        CLASS   SFR2           

        CLASS   SFR3           

        CLASS   SFR4           

        CLASS   SFR5           

        CLASS   SFR6           

        CLASS   SFR7           

        CLASS   SFR8           

        CLASS   SFR9           

        CLASS   SFR10          

        CLASS   SFR11          

        CLASS   SFR12          

        CLASS   SFR13          

        CLASS   SFR14          

        CLASS   SFR15          

        CLASS   SFR16          

        CLASS   SFR17          

        CLASS   SFR18          

        CLASS   SFR19          

        CLASS   SFR20          

        CLASS   SFR21          

        CLASS   SFR22          

        CLASS   SFR23          

        CLASS   SFR24          

        CLASS   SFR25          

        CLASS   SFR26          

        CLASS   SFR27          

        CLASS   SFR28          

        CLASS   SFR29          

        CLASS   SFR30          

        CLASS   SFR31          

        CLASS   CONFIG         
                config                             8007     8007        2         4

        CLASS   IDLOC          

        CLASS   EEDATA         

        CLASS   BANK31         

        CLASS   BANK30         

        CLASS   BANK29         

        CLASS   BANK28         

        CLASS   BANK27         

        CLASS   BANK26         

        CLASS   BANK25         

        CLASS   BANK24         

        CLASS   BANK23         

        CLASS   BANK22         

        CLASS   BANK21         

        CLASS   BANK20         

        CLASS   BANK19         

        CLASS   BANK18         

        CLASS   BANK17         

        CLASS   BANK16         

        CLASS   BANK15         

        CLASS   BANK14         

        CLASS   BANK13         



SEGMENTS        Name                           Load    Length   Top    Selector   Space  Class     Delta

                reset_vec                      000000  000004  000004         0       0  CODE        2
                intentry                       000004  0007FF  000803         8       0  CODE        2
                cstackBANK0                    000020  000050  000070        20       1  BANK0       1
                cstackCOMMON                   000070  00000E  00007E        70       1  COMMON      1
                bssBANK1                       0000A0  00004E  0000EE        A0       1  BANK1       1
                bssBANK2                       000120  000008  000128       120       1  BANK2       1
                text16                         000803  000028  00082B      1006       0  CODE        2
                text15                         00082B  000034  00085F      1056       0  CODE        2
                text116                        00085F  000036  000895      10BE       0  CODE        2
                text1                          000895  000036  0008CB      112A       0  CODE        2
                text5                          0008CB  000038  000903      1196       0  CODE        2
                text28                         000903  000042  000945      1206       0  CODE        2
                text13                         000945  000042  000987      128A       0  CODE        2
                text62                         000987  000044  0009CB      130E       0  CODE        2
                text60                         0009CB  000047  000A12      1396       0  CODE        2
                text79                         000A12  00004A  000A5C      1424       0  CODE        2
                text45                         000A5C  00004B  000AA7      14B8       0  CODE        2
                text9                          000AA7  000051  000AF8      154E       0  CODE        2
                text105                        000AF8  000052  000B4A      15F0       0  CODE        2
                text80                         000B4A  00005B  000BA5      1694       0  CODE        2
                text40                         000BA5  0000D6  000C7B      174A       0  CODE        2
                text39                         000C7B  0000D6  000D51      18F6       0  CODE        2
                text38                         000D51  0000D6  000E27      1AA2       0  CODE        2
                maintext                       000E27  0000E2  000F09      1C4E       0  CODE        2
                text11                         000F09  0000F7  001000      1E12       0  CODE        2
                text123                        001161  000001  001162      22C2       0  CODE        2
                text118                        001162  000001  001163      22C4       0  CODE        2
                text97                         001163  000002  001165      22C6       0  CODE        2
                text96                         001165  000002  001167      22CA       0  CODE        2
                text119                        001167  000003  00116A      22CE       0  CODE        2
                text113                        00116A  000003  00116D      22D4       0  CODE        2
                text112                        00116D  000003  001170      22DA       0  CODE        2
                text111                        001170  000003  001173      22E0       0  CODE        2
                text109                        001173  000003  001176      22E6       0  CODE        2
                text108                        001176  000003  001179      22EC       0  CODE        2
                text107                        001179  000003  00117C      22F2       0  CODE        2
                text91                         00117C  000003  00117F      22F8       0  CODE        2
                text117                        00117F  000004  001183      22FE       0  CODE        2
                text90                         001183  000004  001187      2306       0  CODE        2
                text88                         001187  000004  00118B      230E       0  CODE        2
                text77                         00118B  000004  00118F      2316       0  CODE        2
                text76                         00118F  000004  001193      231E       0  CODE        2
                text75                         001193  000004  001197      2326       0  CODE        2
                text74                         001197  000004  00119B      232E       0  CODE        2
                text73                         00119B  000004  00119F      2336       0  CODE        2
                text72                         00119F  000004  0011A3      233E       0  CODE        2
                text71                         0011A3  000004  0011A7      2346       0  CODE        2
                text67                         0011A7  000004  0011AB      234E       0  CODE        2
                text64                         0011AB  000004  0011AF      2356       0  CODE        2
                text27                         0011AF  000004  0011B3      235E       0  CODE        2
                text83                         0011B3  000005  0011B8      2366       0  CODE        2
                text70                         0011B8  000005  0011BD      2370       0  CODE        2
                text34                         0011BD  000005  0011C2      237A       0  CODE        2
                text87                         0011C2  000006  0011C8      2384       0  CODE        2
                text86                         0011C8  000006  0011CE      2390       0  CODE        2
                text78                         0011CE  000006  0011D4      239C       0  CODE        2
                text81                         0011D4  000007  0011DB      23A8       0  CODE        2
                text82                         0011DB  000008  0011E3      23B6       0  CODE        2
                text46                         0011E3  000008  0011EB      23C6       0  CODE        2
                text36                         0011EB  000008  0011F3      23D6       0  CODE        2
                text33                         0011F3  000008  0011FB      23E6       0  CODE        2
                text32                         0011FB  000008  001203      23F6       0  CODE        2
                text31                         001203  000008  00120B      2406       0  CODE        2
                text30                         00120B  000008  001213      2416       0  CODE        2
                text29                         001213  000008  00121B      2426       0  CODE        2
                text2                          00121B  000008  001223      2436       0  CODE        2
                text26                         001223  000009  00122C      2446       0  CODE        2
                text66                         00122C  00000A  001236      2458       0  CODE        2
                text59                         001236  00000A  001240      246C       0  CODE        2
                text24                         001240  00000A  00124A      2480       0  CODE        2
                text63                         00124A  00000B  001255      2494       0  CODE        2
                text22                         001255  00000B  001260      24AA       0  CODE        2
                text104                        001260  00000C  00126C      24C0       0  CODE        2
                text61                         00126C  00000C  001278      24D8       0  CODE        2
                clrtext                        001278  00000C  001284      24F0       0  CODE        2
                text18                         001284  00000D  001291      2508       0  CODE        2
                text57                         001291  00000E  00129F      2522       0  CODE        2
                text124                        00129F  00000F  0012AE      253E       0  CODE        2
                text55                         0012AE  000010  0012BE      255C       0  CODE        2
                text54                         0012BE  000010  0012CE      257C       0  CODE        2
                text44                         0012CE  000010  0012DE      259C       0  CODE        2
                text43                         0012DE  000010  0012EE      25BC       0  CODE        2
                text21                         0012EE  000010  0012FE      25DC       0  CODE        2
                text35                         0012FE  000011  00130F      25FC       0  CODE        2
                text10                         00130F  000012  001321      261E       0  CODE        2
                text121                        001321  000015  001336      2642       0  CODE        2
                text106                        001336  000015  00134B      266C       0  CODE        2
                text103                        00134B  000018  001363      2696       0  CODE        2
                text102                        001363  000018  00137B      26C6       0  CODE        2
                text101                        00137B  000018  001393      26F6       0  CODE        2
                text100                        001393  000018  0013AB      2726       0  CODE        2
                text99                         0013AB  000018  0013C3      2756       0  CODE        2
                text95                         0013C3  000018  0013DB      2786       0  CODE        2
                text94                         0013DB  000018  0013F3      27B6       0  CODE        2
                text93                         0013F3  000018  00140B      27E6       0  CODE        2
                text25                         00140B  000018  001423      2816       0  CODE        2
                text12                         001423  000018  00143B      2846       0  CODE        2
                text120                        00143B  000019  001454      2876       0  CODE        2
                text23                         001454  00001A  00146E      28A8       0  CODE        2
                text8                          00146E  00001B  001489      28DC       0  CODE        2
                text6                          001489  00001C  0014A5      2912       0  CODE        2
                text4                          0014A5  00001C  0014C1      294A       0  CODE        2
                text115                        0014C1  00001D  0014DE      2982       0  CODE        2
                text110                        0014DE  00001D  0014FB      29BC       0  CODE        2
                text65                         0014FB  000020  00151B      29F6       0  CODE        2
                text98                         00151B  000021  00153C      2A36       0  CODE        2
                text92                         00153C  000021  00155D      2A78       0  CODE        2
                text19                         00155D  000021  00157E      2ABA       0  CODE        2
                text48                         00157E  000022  0015A0      2AFC       0  CODE        2
                text47                         0015A0  000022  0015C2      2B40       0  CODE        2
                text56                         0015C2  000023  0015E5      2B84       0  CODE        2
                text50                         0015E5  000023  001608      2BCA       0  CODE        2
                text52                         001608  000027  00162F      2C10       0  CODE        2
                text14                         00162F  00002C  00165B      2C5E       0  CODE        2
                text68                         00165B  00002D  001688      2CB6       0  CODE        2
                text53                         001688  00002E  0016B6      2D10       0  CODE        2
                text51                         0016B6  00002E  0016E4      2D6C       0  CODE        2
                text49                         0016E4  00002E  001712      2DC8       0  CODE        2
                text42                         001712  00002E  001740      2E24       0  CODE        2
                text17                         001740  00002E  00176E      2E80       0  CODE        2
                text58                         00176E  000030  00179E      2EDC       0  CODE        2
                text84                         00179E  000031  0017CF      2F3C       0  CODE        2
                text69                         0017CF  000031  001800      2F9E       0  CODE        2
                stringtext1                    001800  000020  001820      3000       0  STRCODE     2


UNUSED ADDRESS RANGES

        Name                Unused          Largest block    Delta
        BANK1            000EE-000EF               2           1
        BANK2            00128-0016F              48           1
        BANK3            001A0-001EF              50           1
        BANK4            00220-0026F              50           1
        BANK5            002A0-002EF              50           1
        BANK6            00320-0036F              50           1
        BANK7            003A0-003EF              50           1
        BANK8            00420-0046F              50           1
        BANK9            004A0-004BB              1C           1
        BIGRAM           02000-023EF             3F0           1
        CODE             01000-01160             161           2
                         01820-03FFF             800
        CONST            01000-01160             100           2
                         01820-03FFF             100
        EEDATA           0F000-0F0FF             100           2
        ENTRY            01000-01160             100           2
                         01820-03FFF             100
        IDLOC            08000-08003               4           2
        RAM              000EE-000EF               2           1
                         00128-0016F              48
                         001A0-001EF              50
                         00220-0026F              50
                         002A0-002EF              50
                         00320-0036F              50
                         003A0-003EF              50
                         00420-0046F              50
                         004A0-004BB              1C
        SFR0             00000-0001F              20           1
        SFR1             00080-0009F              20           1
        SFR10            00500-0051F              20           1
        SFR11            00580-0059F              20           1
        SFR12            00600-0061F              20           1
        SFR13            00680-006EF              70           1
        SFR14            00700-0076F              70           1
        SFR15            00780-007EF              70           1
        SFR16            00800-0086F              70           1
        SFR17            00880-008EF              70           1
        SFR18            00900-0096F              70           1
        SFR19            00980-009EF              70           1
        SFR2             00100-0011F              20           1
        SFR20            00A00-00A6F              70           1
        SFR21            00A80-00AEF              70           1
        SFR22            00B00-00B6F              70           1
        SFR23            00B80-00BEF              70           1
        SFR24            00C00-00C6F              70           1
        SFR25            00C80-00CEF              70           1
        SFR26            00D00-00D6F              70           1
        SFR27            00D80-00DEF              70           1
        SFR28            00E00-00E6F              70           1
        SFR29            00E80-00EEF              70           1
        SFR3             00180-0019F              20           1
        SFR30            00F00-00F6F              70           1
        SFR31            00F80-00FEF              70           1
        SFR4             00200-0021F              20           1
        SFR5             00280-0029F              20           1
        SFR6             00300-0031F              20           1
        SFR7             00380-0039F              20           1
        SFR8             00400-0041F              20           1
        SFR9             00480-0049F              20           1
        STACK            020A8-022EB             244           1
        STRCODE          01000-01160             161           2
                         01820-03FFF            27E0
        STRING           01000-01160             100           2
                         01820-03FFF             100

                                  Symbol Table

?___awdiv                                                 cstackBANK0  00026
?___lwdiv                                                 cstackBANK0  00020
?___lwmod                                                 cstackBANK0  00020
?___wmul                                                  cstackBANK0  00020
?_abs                                                     cstackBANK0  00020
?_intToBCD                                                cstackBANK0  00028
?_readGesture                                             cstackBANK0  00048
?_wireReadDataBlock                                       cstackBANK0  00040
APDS9960Init@id                                           cstackBANK0  00047
CCP4_CallBack@main$F1923@bit_count                        bssCOMMON    0007B
CCP4_CallBack@main$F1923@capturedValue                    cstackCOMMON 00072
CCP4_CaptureISR@module                                    cstackCOMMON 00079
CCP4_SetCallBack@customCallBack                           cstackBANK0  00020
EUSART_SetErrorHandler@interruptHandler                   cstackBANK0  00020
EUSART_SetFramingErrorHandler@interruptHandler            cstackBANK0  00020
EUSART_SetOverrunErrorHandler@interruptHandler            cstackBANK0  00020
EUSART_SetRxInterruptHandler@interruptHandler             cstackBANK0  00020
EUSART_SetTxInterruptHandler@interruptHandler             cstackBANK0  00020
I2C_Close@returnValue                                     cstackBANK0  00021
I2C_MasterOperation@read                                  cstackBANK0  00034
I2C_MasterOperation@returnValue                           cstackBANK0  00035
I2C_MasterSendTxData@data                                 cstackBANK0  00020
I2C_Open@address                                          cstackBANK0  00020
I2C_Open@returnValue                                      cstackBANK0  00021
I2C_SetAddressNackCallback@cb                             cstackBANK0  00029
I2C_SetAddressNackCallback@ptr                            cstackBANK0  0002B
I2C_SetBuffer@buffer                                      cstackBANK0  00020
I2C_SetBuffer@bufferSize                                  cstackBANK0  00022
I2C_SetCallback@cb                                        cstackBANK0  00020
I2C_SetCallback@idx                                       cstackBANK0  00028
I2C_SetCallback@ptr                                       cstackBANK0  00022
I2C_SetDataCompleteCallback@cb                            cstackBANK0  00029
I2C_SetDataCompleteCallback@ptr                           cstackBANK0  0002B
LCD_Digit1Num@num                                         cstackBANK0  00022
LCD_Digit2Num@num                                         cstackBANK0  00022
LCD_Digit3Num@num                                         cstackBANK0  00022
LCD_Digit4Num@num                                         cstackBANK0  00022
TMR1_WriteTimer@timerVal                                  cstackCOMMON 00070
_ANSELA                                                   (abs)        0018C
_ANSELB                                                   (abs)        0018D
_APDS9960Init                                             text41       00637
_APFCON                                                   (abs)        0011D
_BAUDCON                                                  (abs)        0019F
_BORCON                                                   (abs)        00116
_CCP4CON                                                  (abs)        0031A
_CCP4_CallBack                                            bssBANK1     000DC
_CCP4_CallBack@main$F1923                                 text122      00748
_CCP4_CaptureISR                                          text121      01321
_CCP4_DefaultCallBack                                     text123      01161
_CCP4_Initialize                                          text35       012FE
_CCP4_SetCallBack                                         text36       011EB
_CCPR4H                                                   (abs)        00319
_CCPR4L                                                   (abs)        00318
_DACCON0                                                  (abs)        00118
_DACCON1                                                  (abs)        00119
_DAC_Initialize                                           text34       011BD
_EUSART_DefaultErrorHandler                               text119      01167
_EUSART_DefaultFramingErrorHandler                        text118      01162
_EUSART_DefaultOverrunErrorHandler                        text117      0117F
_EUSART_ErrorHandler                                      bssBANK1     000E0
_EUSART_FramingErrorHandler                               bssBANK1     000E4
_EUSART_Initialize                                        text28       00903
_EUSART_OverrunErrorHandler                               bssBANK1     000E2
_EUSART_Receive_ISR                                       text116      0085F
_EUSART_RxDataHandler                                     text120      0143B
_EUSART_RxDefaultInterruptHandler                         bssBANK1     000E6
_EUSART_SetErrorHandler                                   text33       011F3
_EUSART_SetFramingErrorHandler                            text32       011FB
_EUSART_SetOverrunErrorHandler                            text31       01203
_EUSART_SetRxInterruptHandler                             text30       0120B
_EUSART_SetTxInterruptHandler                             text29       01213
_EUSART_Transmit_ISR                                      text115      014C1
_EUSART_TxDefaultInterruptHandler                         bssBANK1     000E8
_FVRCON                                                   (abs)        00117
_FVR_Initialize                                           text27       011AF
_I2C_CallbackReturnReset                                  text96       01165
_I2C_CallbackReturnStop                                   text97       01163
_I2C_Close                                                text110      014DE
_I2C_DO_ADDRESS_NACK                                      text69       017CF
_I2C_DO_IDLE                                              text83       011B3
_I2C_DO_RCEN                                              text78       011CE
_I2C_DO_RESET                                             text70       011B8
_I2C_DO_RX                                                text79       00A12
_I2C_DO_RX_ACK                                            text73       0119B
_I2C_DO_RX_NACK_RESTART                                   text71       011A3
_I2C_DO_RX_NACK_STOP                                      text72       0119F
_I2C_DO_SEND_ADR_READ                                     text82       011DB
_I2C_DO_SEND_ADR_WRITE                                    text81       011D4
_I2C_DO_SEND_RESTART                                      text75       01193
_I2C_DO_SEND_RESTART_READ                                 text77       0118B
_I2C_DO_SEND_RESTART_WRITE                                text76       0118F
_I2C_DO_SEND_STOP                                         text74       01197
_I2C_DO_TX                                                text80       00B4A
_I2C_DO_TX_EMPTY                                          text84       0179E
_I2C_Initialize                                           text26       01223
_I2C_MasterClearIrq                                       text113      0116A
_I2C_MasterClose                                          text112      0116D
_I2C_MasterDisableIrq                                     text111      01170
_I2C_MasterEnableRestart                                  text108      01176
_I2C_MasterFsm                                            text68       0165B
_I2C_MasterGetRxData                                      text89       00800
_I2C_MasterIsNack                                         text86       011C8
_I2C_MasterOpen                                           text63       0124A
_I2C_MasterOperation                                      text65       014FB
_I2C_MasterSendAck                                        text88       01187
_I2C_MasterSendNack                                       text90       01183
_I2C_MasterSendTxData                                     text87       011C2
_I2C_MasterSetIrq                                         text85       00002
_I2C_MasterStart                                          text109      01173
_I2C_MasterStartRx                                        text91       0117C
_I2C_MasterStop                                           text107      01179
_I2C_MasterWaitForEvent                                   text67       011A7
_I2C_MasterWrite                                          text64       011AB
_I2C_Open                                                 text62       00987
_I2C_Poller                                               text66       0122C
_I2C_SetAddressNackCallback                               text61       0126C
_I2C_SetBuffer                                            text106      01336
_I2C_SetCallback                                          text105      00AF8
_I2C_SetDataCompleteCallback                              text104      01260
_I2C_Status                                               bssBANK1     000A0
_INTCONbits                                               (abs)        0000B
_INTERRUPT_InterruptManager                               intentry     00004
_LATA                                                     (abs)        0010C
_LATB                                                     (abs)        0010D
_LATC                                                     (abs)        0010E
_LATE                                                     (abs)        00110
_LCDCON                                                   (abs)        00791
_LCDCONbits                                               (abs)        00791
_LCDCST                                                   (abs)        00794
_LCDDATA0                                                 (abs)        007A0
_LCDDATA0bits                                             (abs)        007A0
_LCDDATA1                                                 (abs)        007A1
_LCDDATA10                                                (abs)        007AA
_LCDDATA10bits                                            (abs)        007AA
_LCDDATA1bits                                             (abs)        007A1
_LCDDATA3                                                 (abs)        007A3
_LCDDATA3bits                                             (abs)        007A3
_LCDDATA4                                                 (abs)        007A4
_LCDDATA4bits                                             (abs)        007A4
_LCDDATA6                                                 (abs)        007A6
_LCDDATA6bits                                             (abs)        007A6
_LCDDATA7                                                 (abs)        007A7
_LCDDATA7bits                                             (abs)        007A7
_LCDDATA9                                                 (abs)        007A9
_LCDDATA9bits                                             (abs)        007A9
_LCDPS                                                    (abs)        00792
_LCDREF                                                   (abs)        00793
_LCDRL                                                    (abs)        00795
_LCDSE0                                                   (abs)        00798
_LCDSE1                                                   (abs)        00799
_LCD_Digit1Num                                            text40       00BA5
_LCD_Digit2Num                                            text39       00C7B
_LCD_Digit3Num                                            text38       00D51
_LCD_Digit4Num                                            text37       00336
_LCD_Initialize                                           text25       0140B
_OPTION_REG                                               (abs)        00095
_OPTION_REGbits                                           (abs)        00095
_OSCCON                                                   (abs)        00099
_OSCILLATOR_Initialize                                    text24       01240
_OSCTUNE                                                  (abs)        00098
_PIE1bits                                                 (abs)        00091
_PIE3bits                                                 (abs)        00093
_PIN_MANAGER_Initialize                                   text23       01454
_PIR1bits                                                 (abs)        00011
_PIR3bits                                                 (abs)        00013
_PLLR                                                     (abs)        004D6
_RCREG                                                    (abs)        00199
_RCSTA                                                    (abs)        0019D
_RCSTAbits                                                (abs)        0019D
_SPBRGH                                                   (abs)        0019C
_SPBRGL                                                   (abs)        0019B
_SSPADD                                                   (abs)        00212
_SSPBUF                                                   (abs)        00211
_SSPCON1                                                  (abs)        00215
_SSPCON1bits                                              (abs)        00215
_SSPCON2                                                  (abs)        00216
_SSPCON2bits                                              (abs)        00216
_SSPSTAT                                                  (abs)        00214
_SYSTEM_Initialize                                        text19       0155D
_T1CON                                                    (abs)        00018
_T1CONbits                                                (abs)        00018
_T1GCON                                                   (abs)        00019
_TMR0                                                     (abs)        00015
_TMR0_Initialize                                          text22       01255
_TMR1H                                                    (abs)        00017
_TMR1L                                                    (abs)        00016
_TMR1_Initialize                                          text21       012EE
_TMR1_WriteTimer                                          text124      0129F
_TRISA                                                    (abs)        0008C
_TRISB                                                    (abs)        0008D
_TRISC                                                    (abs)        0008E
_TRISE                                                    (abs)        00090
_TXREG                                                    (abs)        0019A
_TXSTA                                                    (abs)        0019E
_WDTCON                                                   (abs)        00097
_WDT_Initialize                                           text20       007FD
_WPUB                                                     (abs)        0020D
_WPUE                                                     (abs)        00210
__Habs1                                                   abs1         00000
__Hbank0                                                  bank0        00000
__Hbank1                                                  bank1        00000
__Hbank10                                                 bank10       00000
__Hbank11                                                 bank11       00000
__Hbank12                                                 bank12       00000
__Hbank13                                                 bank13       00000
__Hbank14                                                 bank14       00000
__Hbank15                                                 bank15       00000
__Hbank16                                                 bank16       00000
__Hbank17                                                 bank17       00000
__Hbank18                                                 bank18       00000
__Hbank19                                                 bank19       00000
__Hbank2                                                  bank2        00000
__Hbank20                                                 bank20       00000
__Hbank21                                                 bank21       00000
__Hbank22                                                 bank22       00000
__Hbank23                                                 bank23       00000
__Hbank24                                                 bank24       00000
__Hbank25                                                 bank25       00000
__Hbank26                                                 bank26       00000
__Hbank27                                                 bank27       00000
__Hbank28                                                 bank28       00000
__Hbank29                                                 bank29       00000
__Hbank3                                                  bank3        00000
__Hbank30                                                 bank30       00000
__Hbank31                                                 bank31       00000
__Hbank4                                                  bank4        00000
__Hbank5                                                  bank5        00000
__Hbank6                                                  bank6        00000
__Hbank7                                                  bank7        00000
__Hbank8                                                  bank8        00000
__Hbank9                                                  bank9        00000
__Hbigram                                                 bigram       00000
__HbssBANK0                                               bssBANK0     00000
__HbssBANK1                                               bssBANK1     00000
__HbssBANK2                                               bssBANK2     00000
__HbssCOMMON                                              bssCOMMON    00000
__Hcinit                                                  cinit        0005E
__Hclrtext                                                clrtext      00000
__Hcode                                                   code         00000
__Hcommon                                                 common       00000
__Hconfig                                                 config       08009
__HcstackBANK0                                            cstackBANK0  00000
__HcstackCOMMON                                           cstackCOMMON 00000
__Heeprom_data                                            eeprom_data  00000
__Hend_init                                               end_init     0002E
__Hfunctab                                                functab      00000
__Hinit                                                   init         0002C
__Hintentry                                               intentry     0002C
__Hmaintext                                               maintext     00000
__Hpowerup                                                powerup      00000
__Hram                                                    ram          00000
__Hreset_vec                                              reset_vec    00002
__Hsfr0                                                   sfr0         00000
__Hsfr1                                                   sfr1         00000
__Hsfr10                                                  sfr10        00000
__Hsfr11                                                  sfr11        00000
__Hsfr12                                                  sfr12        00000
__Hsfr13                                                  sfr13        00000
__Hsfr14                                                  sfr14        00000
__Hsfr15                                                  sfr15        00000
__Hsfr16                                                  sfr16        00000
__Hsfr17                                                  sfr17        00000
__Hsfr18                                                  sfr18        00000
__Hsfr19                                                  sfr19        00000
__Hsfr2                                                   sfr2         00000
__Hsfr20                                                  sfr20        00000
__Hsfr21                                                  sfr21        00000
__Hsfr22                                                  sfr22        00000
__Hsfr23                                                  sfr23        00000
__Hsfr24                                                  sfr24        00000
__Hsfr25                                                  sfr25        00000
__Hsfr26                                                  sfr26        00000
__Hsfr27                                                  sfr27        00000
__Hsfr28                                                  sfr28        00000
__Hsfr29                                                  sfr29        00000
__Hsfr3                                                   sfr3         00000
__Hsfr30                                                  sfr30        00000
__Hsfr31                                                  sfr31        00000
__Hsfr4                                                   sfr4         00000
__Hsfr5                                                   sfr5         00000
__Hsfr6                                                   sfr6         00000
__Hsfr7                                                   sfr7         00000
__Hsfr8                                                   sfr8         00000
__Hsfr9                                                   sfr9         00000
__Hspace_0                                                (abs)        01820
__Hspace_1                                                (abs)        00128
__Hspace_2                                                (abs)        00000
__Hspace_3                                                (abs)        00000
__Hspace_4                                                (abs)        10010
__Hstack                                                  stack        00000
__Hstrings                                                strings      00000
__Hstringtext1                                            stringtext1  00000
__Htext                                                   text         00000
__Labs1                                                   abs1         00000
__Lbank0                                                  bank0        00000
__Lbank1                                                  bank1        00000
__Lbank10                                                 bank10       00000
__Lbank11                                                 bank11       00000
__Lbank12                                                 bank12       00000
__Lbank13                                                 bank13       00000
__Lbank14                                                 bank14       00000
__Lbank15                                                 bank15       00000
__Lbank16                                                 bank16       00000
__Lbank17                                                 bank17       00000
__Lbank18                                                 bank18       00000
__Lbank19                                                 bank19       00000
__Lbank2                                                  bank2        00000
__Lbank20                                                 bank20       00000
__Lbank21                                                 bank21       00000
__Lbank22                                                 bank22       00000
__Lbank23                                                 bank23       00000
__Lbank24                                                 bank24       00000
__Lbank25                                                 bank25       00000
__Lbank26                                                 bank26       00000
__Lbank27                                                 bank27       00000
__Lbank28                                                 bank28       00000
__Lbank29                                                 bank29       00000
__Lbank3                                                  bank3        00000
__Lbank30                                                 bank30       00000
__Lbank31                                                 bank31       00000
__Lbank4                                                  bank4        00000
__Lbank5                                                  bank5        00000
__Lbank6                                                  bank6        00000
__Lbank7                                                  bank7        00000
__Lbank8                                                  bank8        00000
__Lbank9                                                  bank9        00000
__Lbigram                                                 bigram       00000
__LbssBANK0                                               bssBANK0     00000
__LbssBANK1                                               bssBANK1     00000
__LbssBANK2                                               bssBANK2     00000
__LbssCOMMON                                              bssCOMMON    00000
__Lcinit                                                  cinit        0002E
__Lclrtext                                                clrtext      00000
__Lcode                                                   code         00000
__Lcommon                                                 common       00000
__Lconfig                                                 config       00000
__LcstackBANK0                                            cstackBANK0  00000
__LcstackCOMMON                                           cstackCOMMON 00000
__Leeprom_data                                            eeprom_data  00000
__Lend_init                                               end_init     0002C
__Lfunctab                                                functab      00000
__Linit                                                   init         0002C
__Lintentry                                               intentry     00004
__Lmaintext                                               maintext     00000
__Lpowerup                                                powerup      00000
__Lram                                                    ram          00000
__Lreset_vec                                              reset_vec    00000
__Lsfr0                                                   sfr0         00000
__Lsfr1                                                   sfr1         00000
__Lsfr10                                                  sfr10        00000
__Lsfr11                                                  sfr11        00000
__Lsfr12                                                  sfr12        00000
__Lsfr13                                                  sfr13        00000
__Lsfr14                                                  sfr14        00000
__Lsfr15                                                  sfr15        00000
__Lsfr16                                                  sfr16        00000
__Lsfr17                                                  sfr17        00000
__Lsfr18                                                  sfr18        00000
__Lsfr19                                                  sfr19        00000
__Lsfr2                                                   sfr2         00000
__Lsfr20                                                  sfr20        00000
__Lsfr21                                                  sfr21        00000
__Lsfr22                                                  sfr22        00000
__Lsfr23                                                  sfr23        00000
__Lsfr24                                                  sfr24        00000
__Lsfr25                                                  sfr25        00000
__Lsfr26                                                  sfr26        00000
__Lsfr27                                                  sfr27        00000
__Lsfr28                                                  sfr28        00000
__Lsfr29                                                  sfr29        00000
__Lsfr3                                                   sfr3         00000
__Lsfr30                                                  sfr30        00000
__Lsfr31                                                  sfr31        00000
__Lsfr4                                                   sfr4         00000
__Lsfr5                                                   sfr5         00000
__Lsfr6                                                   sfr6         00000
__Lsfr7                                                   sfr7         00000
__Lsfr8                                                   sfr8         00000
__Lsfr9                                                   sfr9         00000
__Lspace_0                                                (abs)        00000
__Lspace_1                                                (abs)        00000
__Lspace_2                                                (abs)        00000
__Lspace_3                                                (abs)        00000
__Lspace_4                                                (abs)        00000
__Lstack                                                  stack        00000
__Lstrings                                                strings      00000
__Lstringtext1                                            stringtext1  00000
__Ltext                                                   text         00000
__S0                                                      (abs)        01820
__S1                                                      (abs)        00128
__S2                                                      (abs)        00000
__S3                                                      (abs)        00000
___awdiv                                                  text9        00AA7
___awdiv@counter                                          cstackBANK0  0002B
___awdiv@dividend                                         cstackBANK0  00028
___awdiv@divisor                                          cstackBANK0  00026
___awdiv@quotient                                         cstackBANK0  0002D
___awdiv@sign                                             cstackBANK0  0002C
___int_sp                                                 stack        00000
___latbits                                                (abs)        00003
___lwdiv                                                  text15       0082B
___lwdiv@counter                                          cstackBANK0  00027
___lwdiv@dividend                                         cstackBANK0  00022
___lwdiv@divisor                                          cstackBANK0  00020
___lwdiv@quotient                                         cstackBANK0  00025
___lwmod                                                  text14       0162F
___lwmod@counter                                          cstackBANK0  00025
___lwmod@dividend                                         cstackBANK0  00022
___lwmod@divisor                                          cstackBANK0  00020
___sp                                                     stack        00000
___stackhi                                                (abs)        022EB
___stacklo                                                (abs)        020A8
___wmul                                                   text8        0146E
___wmul@multiplicand                                      cstackBANK0  00022
___wmul@multiplier                                        cstackBANK0  00020
___wmul@product                                           cstackBANK0  00024
[...]
		Absolute function
		_EUSART_DefaultErrorHandler
		_EUSART_DefaultFramingErrorHandler
		_EUSART_DefaultOverrunErrorHandler
		_EUSART_RxDataHandler
 This function is called by:
		_EUSART_Initialize
		_INTERRUPT_InterruptManager
 This function uses a non-reentrant model


 *************** function _EUSART_DefaultOverrunErrorHandler *****************
 Defined at:
		line 252 in file "mcc_generated_files/eusart.c"
 Parameters:    Size  Location     Type
		None
 Auto vars:     Size  Location     Type
		None
 Return value:  Size  Location     Type
                  1    wreg      void 
 Registers used:
		None
 Tracked objects:
		On entry : 
		On exit  : 
		Unchanged: 
 Data sizes:     COMMON   BANK0   BANK1   BANK2   BANK3   BANK4   BANK5   BANK6   BANK7   BANK8   BANK9  BANK10  BANK11  BANK12
      Params:         0       0       0       0       0       0       0       0       0       0       0       0       0       0
      Locals:         0       0       0       0       0       0       0       0       0       0       0       0       0       0
      Temps:          0       0       0       0       0       0       0       0       0       0       0       0       0       0
      Totals:         0       0       0       0       0       0       0       0       0       0       0       0       0       0
Total ram usage:        0 bytes
 Hardware stack levels used:    1
 This function calls:
		Nothing
 This function is called by:
		_EUSART_Initialize
		_EUSART_Receive_ISR
 This function uses a non-reentrant model


 *************** function _EUSART_DefaultFramingErrorHandler *****************
 Defined at:
		line 250 in file "mcc_generated_files/eusart.c"
 Parameters:    Size  Location     Type
		None
 Auto vars:     Size  Location     Type
		None
 Return value:  Size  Location     Type
                  1    wreg      void 
 Registers used:
		None
 Tracked objects:
		On entry : 
		On exit  : 
		Unchanged: 
 Data sizes:     COMMON   BANK0   BANK1   BANK2   BANK3   BANK4   BANK5   BANK6   BANK7   BANK8   BANK9  BANK10  BANK11  BANK12
      Params:         0       0       0       0       0       0       0       0       0       0       0       0       0       0
      Locals:         0       0       0       0       0       0       0       0       0       0       0       0       0       0
      Temps:          0       0       0       0       0       0       0       0       0       0       0       0       0       0
      Totals:         0       0       0       0       0       0       0       0       0       0       0       0       0       0
Total ram usage:        0 bytes
 Hardware stack levels used:    1
 This function calls:
		Nothing
 This function is called by:
		_EUSART_Initialize
		_EUSART_Receive_ISR
 This function uses a non-reentrant model


 *************** function _EUSART_DefaultErrorHandler *****************
 Defined at:
		line 260 in file "mcc_generated_files/eusart.c"
 Parameters:    Size  Location     Type
		None
 Auto vars:     Size  Location     Type
		None
 Return value:  Size  Location     Type
                  1    wreg      void 
 Registers used:
		wreg, fsr1l, fsr1h, status,2, status,0, pclath, cstack
 Tracked objects:
		On entry : 
		On exit  : 
		Unchanged: 
 Data sizes:     COMMON   BANK0   BANK1   BANK2   BANK3   BANK4   BANK5   BANK6   BANK7   BANK8   BANK9  BANK10  BANK11  BANK12
      Params:         0       0       0       0       0       0       0       0       0       0       0       0       0       0
      Locals:         0       0       0       0       0       0       0       0       0       0       0       0       0       0
      Temps:          0       0       0       0       0       0       0       0       0       0       0       0       0       0
      Totals:         0       0       0       0       0       0       0       0       0       0       0       0       0       0
Total ram usage:        0 bytes
 Hardware stack levels used:    1
 Hardware stack levels required when called:    1
 This function calls:
		_EUSART_RxDataHandler
 This function is called by:
		_EUSART_Initialize
		_EUSART_Receive_ISR
 This function uses a non-reentrant model


 *************** function _EUSART_RxDataHandler *****************
 Defined at:
		line 240 in file "mcc_generated_files/eusart.c"
 Parameters:    Size  Location     Type
		None
 Auto vars:     Size  Location     Type
		None
 Return value:  Size  Location     Type
                  1    wreg      void 
 Registers used:
		wreg, fsr1l, fsr1h, status,2, status,0
 Tracked objects:
		On entry : 
		On exit  : 
		Unchanged: 
 Data sizes:     COMMON   BANK0   BANK1   BANK2   BANK3   BANK4   BANK5   BANK6   BANK7   BANK8   BANK9  BANK10  BANK11  BANK12
      Params:         0       0       0       0       0       0       0       0       0       0       0       0       0       0
      Locals:         0       0       0       0       0       0       0       0       0       0       0       0       0       0
      Temps:          1       0       0       0       0       0       0       0       0       0       0       0       0       0
      Totals:         1       0       0       0       0       0       0       0       0       0       0       0       0       0
Total ram usage:        1 bytes
 Hardware stack levels used:    1
 This function calls:
		Nothing
 This function is called by:
		_EUSART_Receive_ISR
		_EUSART_DefaultErrorHandler
 This function uses a non-reentrant model


 *************** function _CCP4_CaptureISR *****************
 Defined at:
		line 89 in file "mcc_generated_files/ccp4.c"
 Parameters:    Size  Location     Type
		None
 Auto vars:     Size  Location     Type
  module          2    9[COMMON] struct CCPR4Reg_tag
 Return value:  Size  Location     Type
                  1    wreg      void 
 Registers used:
		wreg, status,2, status,0, pclath, cstack
 Tracked objects:
		On entry : 
		On exit  : 
		Unchanged: 
 Data sizes:     COMMON   BANK0   BANK1   BANK2   BANK3   BANK4   BANK5   BANK6   BANK7   BANK8   BANK9  BANK10  BANK11  BANK12
      Params:         0       0       0       0       0       0       0       0       0       0       0       0       0       0
      Locals:         2       0       0       0       0       0       0       0       0       0       0       0       0       0
      Temps:          1       0       0       0       0       0       0       0       0       0       0       0       0       0
      Totals:         3       0       0       0       0       0       0       0       0       0       0       0       0       0
Total ram usage:        3 bytes
 Hardware stack levels used:    1
 Hardware stack levels required when called:    2
 This function calls:
		Absolute function
		_CCP4_CallBack@main$F1923
		_CCP4_DefaultCallBack
 This function is called by:
		_INTERRUPT_InterruptManager
 This function uses a non-reentrant model


 *************** function _CCP4_CallBack@main$F1923 *****************
 Defined at:
		line 189 in file "main.c"
 Parameters:    Size  Location     Type
  capturedValu    2    2[COMMON] unsigned short 
 Auto vars:     Size  Location     Type
		None
 Return value:  Size  Location     Type
                  1    wreg      void 
 Registers used:
		wreg, status,2, status,0, pclath, cstack
 Tracked objects:
		On entry : 
		On exit  : 
		Unchanged: 
 Data sizes:     COMMON   BANK0   BANK1   BANK2   BANK3   BANK4   BANK5   BANK6   BANK7   BANK8   BANK9  BANK10  BANK11  BANK12
      Params:         2       0       0       0       0       0       0       0       0       0       0       0       0       0
      Locals:         0       0       0       0       0       0       0       0       0       0       0       0       0       0
      Temps:          4       0       0       0       0       0       0       0       0       0       0       0       0       0
      Totals:         6       0       0       0       0       0       0       0       0       0       0       0       0       0
Total ram usage:        6 bytes
 Hardware stack levels used:    1
 Hardware stack levels required when called:    1
 This function calls:
		_TMR1_WriteTimer
 This function is called by:
		_main
		_CCP4_CaptureISR
 This function uses a non-reentrant model


 *************** function _CCP4_DefaultCallBack *****************
 Defined at:
		line 60 in file "mcc_generated_files/ccp4.c"
 Parameters:    Size  Location     Type
  capturedValu    2    2[COMMON] unsigned short 
 Auto vars:     Size  Location     Type
		None
 Return value:  Size  Location     Type
                  1    wreg      void 
 Registers used:
		None
 Tracked objects:
		On entry : 
		On exit  : 
		Unchanged: 
 Data sizes:     COMMON   BANK0   BANK1   BANK2   BANK3   BANK4   BANK5   BANK6   BANK7   BANK8   BANK9  BANK10  BANK11  BANK12
      Params:         2       0       0       0       0       0       0       0       0       0       0       0       0       0
      Locals:         0       0       0       0       0       0       0       0       0       0       0       0       0       0
      Temps:          0       0       0       0       0       0       0       0       0       0       0       0       0       0
      Totals:         2       0       0       0       0       0       0       0       0       0       0       0       0       0
Total ram usage:        2 bytes
 Hardware stack levels used:    1
 This function calls:
		Nothing
 This function is called by:
		_CCP4_Initialize
		_CCP4_CaptureISR
 This function uses a non-reentrant model


 *************** function _TMR1_WriteTimer *****************
 Defined at:
		line 113 in file "mcc_generated_files/tmr1.c"
 Parameters:    Size  Location     Type
  timerVal        2    0[COMMON] unsigned short 
 Auto vars:     Size  Location     Type
		None
 Return value:  Size  Location     Type
                  1    wreg      void 
 Registers used:
		wreg
 Tracked objects:
		On entry : 
		On exit  : 
		Unchanged: 
 Data sizes:     COMMON   BANK0   BANK1   BANK2   BANK3   BANK4   BANK5   BANK6   BANK7   BANK8   BANK9  BANK10  BANK11  BANK12
      Params:         2       0       0       0       0       0       0       0       0       0       0       0       0       0
      Locals:         0       0       0       0       0       0       0       0       0       0       0       0       0       0
      Temps:          0       0       0       0       0       0       0       0       0       0       0       0       0       0
      Totals:         2       0       0       0       0       0       0       0       0       0       0       0       0       0
Total ram usage:        2 bytes
 Hardware stack levels used:    1
 This function calls:
		Nothing
 This function is called by:
		_CCP4_CallBack@main$F1923
 This function uses a non-reentrant model



MODULE INFORMATION

Module		Function		Class		Link	Load	Size
mcc_generated_files/fvr.c
		_FVR_Initialize		CODE           	11AF	0000	4

mcc_generated_files/fvr.c estimated size: 4

mcc_generated_files/interrupt_manager.c
		_INTERRUPT_InterruptManager		CODE           	0004	0000	40

mcc_generated_files/interrupt_manager.c estimated size: 40

mcc_generated_files/examples/i2c_master_example.c
		_wr1RegCompleteHandler		CODE           	1393	0000	24
		_wr2RegCompleteHandler		CODE           	13AB	0000	24
		_rdBlkRegCompleteHandler		CODE           	151B	0000	33
		_rd1RegCompleteHandler		CODE           	1363	0000	24
		_rd2RegCompleteHandler		CODE           	137B	0000	24

mcc_generated_files/examples/i2c_master_example.c estimated size: 129

mcc_generated_files/tmr0.c
		_TMR0_Initialize		CODE           	1255	0000	11

mcc_generated_files/tmr0.c estimated size: 11

D:\Program Files\Microchip\xc8\v2.30\pic\sources\c99\common\lwmod.c
		___lwmod       		CODE           	162F	0000	44

D:\Program Files\Microchip\xc8\v2.30\pic\sources\c99\common\lwmod.c estimated size: 44

mcc_generated_files/pin_manager.c
		_PIN_MANAGER_Initialize		CODE           	1454	0000	26

mcc_generated_files/pin_manager.c estimated size: 26

mcc_generated_files/ccp4.c
		_CCP4_SetCallBack		CODE           	11EB	0000	8
		_CCP4_CaptureISR		CODE           	1321	0000	21
		_CCP4_DefaultCallBack		CODE           	1161	0000	1
		_CCP4_Initialize		CODE           	12FE	0000	17

mcc_generated_files/ccp4.c estimated size: 47

mcc_generated_files/drivers/i2c_simple_master.c
		_i2c_readDataBlock		CODE           	08CB	0000	56
		_rdBlkRegCompleteHandler@i2c_simple_master$F2203		CODE           	153C	0000	33
		_wr1RegCompleteHandler@i2c_simple_master$F2173		CODE           	13C3	0000	24
		_wr2RegCompleteHandler@i2c_simple_master$F2197		CODE           	134B	0000	24
		_i2c_write1ByteRegister		CODE           	176E	0000	48
		_i2c_read1ByteRegister		CODE           	09CB	0000	71
		_rd1RegCompleteHandler@i2c_simple_master$F2183		CODE           	13DB	0000	24
		_rd2RegCompleteHandler@i2c_simple_master$F2191		CODE           	13F3	0000	24

mcc_generated_files/drivers/i2c_simple_master.c estimated size: 304

shared
		__initialization		CODE           	002E	0000	44
		_i2c_fsmStateTable		STRCODE        	1800	0000	32

shared estimated size: 76

D:\Program Files\Microchip\xc8\v2.30\pic\sources\c99\common\abs.c
		_abs           		CODE           	1423	0000	24

D:\Program Files\Microchip\xc8\v2.30\pic\sources\c99\common\abs.c estimated size: 24

mcc_generated_files/mcc.c
		_WDT_Initialize		CODE           	07FD	0000	3
		_OSCILLATOR_Initialize		CODE           	1240	0000	10
		_SYSTEM_Initialize		CODE           	155D	0000	33

mcc_generated_files/mcc.c estimated size: 46

D:\Program Files\Microchip\xc8\v2.30\pic\sources\c99\common\lwdiv.c
		___lwdiv       		CODE           	082B	0000	52

D:\Program Files\Microchip\xc8\v2.30\pic\sources\c99\common\lwdiv.c estimated size: 52

D:\Program Files\Microchip\xc8\v2.30\pic\sources\c99\common\awdiv.c
		___awdiv       		CODE           	0AA7	0000	81

D:\Program Files\Microchip\xc8\v2.30\pic\sources\c99\common\awdiv.c estimated size: 81

mcc_generated_files/tmr1.c
		_TMR1_Initialize		CODE           	12EE	0000	16
		_TMR1_WriteTimer		CODE           	129F	0000	15

mcc_generated_files/tmr1.c estimated size: 31

mcc_generated_files/lcd.c
		_LCD_Initialize		CODE           	140B	0000	24

mcc_generated_files/lcd.c estimated size: 24

mcc_generated_files/i2c_master.c
		_I2C_Close     		CODE           	14DE	0000	29
		_I2C_MasterStartRx		CODE           	117C	0000	3
		_I2C_DO_SEND_ADR_WRITE		CODE           	11D4	0000	7
		_I2C_MasterWaitForEvent		CODE           	11A7	0000	4
		_I2C_DO_SEND_STOP		CODE           	1197	0000	4
		_I2C_MasterSendNack		CODE           	1183	0000	4
		_I2C_MasterDisableIrq		CODE           	1170	0000	3
		_I2C_CallbackReturnStop		CODE           	1163	0000	2
		_I2C_MasterOperation		CODE           	14FB	0000	32
		_I2C_DO_SEND_ADR_READ		CODE           	11DB	0000	8
		_I2C_DO_RX_NACK_STOP		CODE           	119F	0000	4
		_I2C_DO_SEND_RESTART		CODE           	1193	0000	4
		_I2C_DO_RX     		CODE           	0A12	0000	74
		_I2C_DO_TX     		CODE           	0B4A	0000	91
		_I2C_DO_IDLE   		CODE           	11B3	0000	5
		_I2C_DO_RCEN   		CODE           	11CE	0000	6
		_I2C_Poller    		CODE           	122C	0000	10
		_I2C_DO_RESET  		CODE           	11B8	0000	5
		_I2C_MasterClose		CODE           	116D	0000	3
		_I2C_MasterWrite		CODE           	11AB	0000	4
		_I2C_DO_RX_ACK 		CODE           	119B	0000	4
		_I2C_MasterStart		CODE           	1173	0000	3
		_I2C_MasterClearIrq		CODE           	116A	0000	3
		_I2C_MasterGetRxData		CODE           	0800	0000	3
		_I2C_SetCallback		CODE           	0AF8	0000	82
		_I2C_DO_ADDRESS_NACK		CODE           	17CF	0000	49
		_I2C_MasterEnableRestart		CODE           	1176	0000	3
		_I2C_CallbackReturnReset		CODE           	1165	0000	2
		_I2C_Open      		CODE           	0987	0000	68
		_I2C_SetAddressNackCallback		CODE           	126C	0000	12
		_I2C_DO_TX_EMPTY		CODE           	179E	0000	49
		_I2C_DO_SEND_RESTART_WRITE		CODE           	118F	0000	4
		_I2C_MasterIsNack		CODE           	11C8	0000	6
		_I2C_SetDataCompleteCallback		CODE           	1260	0000	12
		_I2C_DO_RX_NACK_RESTART		CODE           	11A3	0000	4
		_I2C_MasterSendAck		CODE           	1187	0000	4
		_I2C_MasterFsm 		CODE           	165B	0000	45
		_I2C_MasterSetIrq		CODE           	0002	0000	2
		_I2C_DO_SEND_RESTART_READ		CODE           	118B	0000	4
		_I2C_Initialize		CODE           	1223	0000	9
		_I2C_SetBuffer 		CODE           	1336	0000	21
		_I2C_MasterOpen		CODE           	124A	0000	11
		_I2C_MasterSendTxData		CODE           	11C2	0000	6
		_I2C_MasterStop		CODE           	1179	0000	3

mcc_generated_files/i2c_master.c estimated size: 711

mcc_generated_files/eusart.c
		_EUSART_SetRxInterruptHandler		CODE           	120B	0000	8
		_EUSART_SetTxInterruptHandler		CODE           	1213	0000	8
		_EUSART_DefaultOverrunErrorHandler		CODE           	117F	0000	4
		_EUSART_DefaultErrorHandler		CODE           	1167	0000	3
		_EUSART_Transmit_ISR		CODE           	14C1	0000	29
		_EUSART_Initialize		CODE           	0903	0000	66
		_EUSART_SetFramingErrorHandler		CODE           	11FB	0000	8
		_EUSART_SetErrorHandler		CODE           	11F3	0000	8
		_EUSART_SetOverrunErrorHandler		CODE           	1203	0000	8
		_EUSART_Receive_ISR		CODE           	085F	0000	54
		_EUSART_RxDataHandler		CODE           	143B	0000	25
		_EUSART_DefaultFramingErrorHandler		CODE           	1162	0000	1

mcc_generated_files/eusart.c estimated size: 222

mcc_generated_files/dac.c
		_DAC_Initialize		CODE           	11BD	0000	5

mcc_generated_files/dac.c estimated size: 5

APDS9960.c
		_wireReadDataBlock		CODE           	14A5	0000	28
		_setGestureEnterThresh		CODE           	12AE	0000	16
		_setProxIntHighThresh		CODE           	12CE	0000	16
		_decodeGesture 		CODE           	0F09	0000	247
		_setMode       		CODE           	0A5C	0000	75
		_setLEDDrive   		CODE           	16E4	0000	46
		_setGestureIntEnable		CODE           	1608	0000	39
		_enableProximitySensor		CODE           	0803	0000	40
		_APDS9960Init  		CODE           	0637	0000	273
		_setLightIntHighThreshold		CODE           	157E	0000	34
		_resetGestureParameters		CODE           	1489	0000	28
		_readGesture   		CODE           	0512	0000	293
		_processGestureData		CODE           	005E	0000	728
		_setLightIntLowThreshold		CODE           	15A0	0000	34
		_enablePower   		CODE           	1284	0000	13
		_setGestureGain		CODE           	1688	0000	46
		_setGestureExitThresh		CODE           	12BE	0000	16
		_setGestureWaitTime		CODE           	15E5	0000	35
		_readProximity 		CODE           	121B	0000	8
		_setAmbientLightGain		CODE           	15C2	0000	35
		_setProximityIntEnable		CODE           	1740	0000	46
		_setGestureLEDDrive		CODE           	16B6	0000	46
		_setProximityGain		CODE           	1712	0000	46
		_wireWriteDataByte		CODE           	1291	0000	14
		_setProxIntLowThresh		CODE           	12DE	0000	16
		_wireReadDataByte		CODE           	1236	0000	10
		_getMode       		CODE           	11E3	0000	8
		_isGestureAvailable		CODE           	130F	0000	18

APDS9960.c estimated size: 2254

D:\Program Files\Microchip\xc8\v2.30\pic\sources\c99\common\Umul16.c
		___wmul        		CODE           	146E	0000	27

D:\Program Files\Microchip\xc8\v2.30\pic\sources\c99\common\Umul16.c estimated size: 27

main.c
		_LCD_Digit1Num 		CODE           	0BA5	0000	214
		_LCD_Digit2Num 		CODE           	0C7B	0000	214
		_LCD_Digit3Num 		CODE           	0D51	0000	214
		_LCD_Digit4Num 		CODE           	0336	0000	476
		_main          		CODE           	0E27	0000	226
		_intToBCD      		CODE           	0945	0000	66
		_CCP4_CallBack@main$F1923		CODE           	0748	0000	181
		_reverseBits   		CODE           	0895	0000	54

main.c estimated size: 1645

